<html>
<body>
<pre>
<h1>µVision Build Log</h1>
<h2>Project:</h2>
\\psf\Home\Downloads\TExaSware-master\Lab14_MeasurementOfDistance\Lab14.uvproj
Project File Date:  04/25/2014

<h2>Output:</h2>
Build target 'Lab14'
compiling MeasurementOfDistance.c...
linking...
Program Size: Code=7348 RO-data=7568 RW-data=124 ZI-data=1764  
".\Lab14.axf" - 0 Error(s), 0 Warning(s).
Load "\\\\psf\\Home\\Downloads\\TExaSware-master\\Lab14_MeasurementOfDistance\\Lab14.axf" 
Connecting: Mode=JTAG, Speed=1000000Hz
Erase Done.
Programming Done.
Verify OK.
</pre>
</body>
</html>
z
Erase Done.
Programming Done.
Verify OK.
Error: Target DLL has been cancelled. Debugger aborted !
ab14.axf" 
Connecting: Mode=JTAG, Speed=1000000Hz
Erase Done.
Programming Done.
Verify OK.
