<html>
<body>
<pre>
<h1>µVision Build Log</h1>
<h2>Project:</h2>
\\psf\Home\Desktop\Car v1 v1\WallFollower.uvproj
Project File Date:  06/08/2015

<h2>Output:</h2>
Build target 'WallFollower'
compiling WallFollower.c...
WallFollower.c(300): warning:  #177-D: variable "i" was declared but never referenced
    unsigned long frwdleft, frwdright, ahead, i, timeOutput, pattern, step;
WallFollower.c(300): warning:  #550-D: variable "timeOutput" was set but never used
    unsigned long frwdleft, frwdright, ahead, i, timeOutput, pattern, step;
WallFollower.c(300): warning:  #550-D: variable "pattern" was set but never used
    unsigned long frwdleft, frwdright, ahead, i, timeOutput, pattern, step;
WallFollower.c(300): warning:  #550-D: variable "step" was set but never used
    unsigned long frwdleft, frwdright, ahead, i, timeOutput, pattern, step;
WallFollower.c: 4 warnings, 0 errors
linking...
Program Size: Code=3512 RO-data=32 RW-data=64 ZI-data=1152  
".\WallFollower.axf" - 0 Error(s), 4 Warning(s).
Load "\\\\psf\\Home\\Desktop\\Car v1 v1\\WallFollower.axf" 
Connecting: Mode=JTAG, Speed=1000000Hz
Erase Done.
Programming Done.
Verify OK.
llower.axf" 
Connecting: Mode=JTAG, Speed=1000000Hz
Erase Done.
Programming Done.
Verify OK.
